Page                                     Status     Len Markers
LANDING                                  ✓   OK    4173 
indpro_spy/story                         ✓   OK    9841 
indpro_spy/evidence                      ✓   OK    7566 
indpro_spy/strategy                      ✓   OK    5096 
indpro_spy/methodology                   ✓   OK    6640 
indpro_xlp/story                         ✓   OK   12112 
indpro_xlp/evidence                      ✓   OK    7268 
indpro_xlp/strategy                      ✓   OK    5119 
indpro_xlp/methodology                   ✓   OK    7233 
umcsent_xlv/story                        ✓   OK   12722 
umcsent_xlv/evidence                     ✓   OK    7444 
umcsent_xlv/strategy                     ✓   OK    6047 
umcsent_xlv/methodology                  ✓   OK    7422 
hy_ig_v2_spy/story                       ✓   OK   17062 
hy_ig_v2_spy/evidence                    ✓   OK    6483 
hy_ig_v2_spy/strategy                    ✓   OK   11988 
hy_ig_v2_spy/methodology                 ✓   OK   17397 
hy_ig_spy/story                          ✓   OK   14226 
hy_ig_spy/evidence                       ✓   OK    7394 
hy_ig_spy/strategy                       ✓   OK    5446 
hy_ig_spy/methodology                    ✓   OK    7531 
permit_spy/story                         ✓   OK   10266 
permit_spy/evidence                      ✓   OK    6765 
permit_spy/strategy                      ✓   OK    5227 
permit_spy/methodology                   ✓   OK    5732 
vix_vix3m_spy/story                      ✓   OK   11560 
vix_vix3m_spy/evidence                   ✓   OK    9099 
vix_vix3m_spy/strategy                   ✓   OK    5313 
vix_vix3m_spy/methodology                ✓   OK    6094 
sofr_ted_spy/story                       ✓   OK    5991 
sofr_ted_spy/evidence                    ✓   OK    6200 
sofr_ted_spy/strategy                    ✓   OK    5060 
sofr_ted_spy/methodology                 ✓   OK    6080 
dff_ted_spy/story                        ✓   OK    8891 
dff_ted_spy/evidence                     ✓   OK    5862 
dff_ted_spy/strategy                     ✓   OK    5301 
dff_ted_spy/methodology                  ✓   OK    6146 
ted_spliced_spy/story                    ✓   OK    9799 
ted_spliced_spy/evidence                 ✓   OK    6023 
ted_spliced_spy/strategy                 ✓   OK    5390 
ted_spliced_spy/methodology              ✓   OK    6251 
gold_copper_xli/story                    ✓   OK   10283 
gold_copper_xli/evidence                 ✓   OK    7296 
gold_copper_xli/strategy                 ✓   OK    5310 
gold_copper_xli/methodology              ✓   OK    6142 

PASS: 45  FAIL: 0  TOTAL: 45
